%!Adobe-FontList 1.24
%Locale:0x409

%BeginFont
Handler:DirectoryHandler
FontType:Invalid
OutlineFileName:/Users/laimelukosiunaite/Library/Mobile Documents/com~apple~CloudDocs/Work Backup/University_work/TypeWest 2024/Term 3/GRADUATION MATERIALS/TW_Grumio_00-LaimeLukosiunaite/template Folder/Document fonts/AdobeFnt24.lst
FileLength:2140
FileModTime:759835820
%EndFont

%BeginFont
Handler:DirectoryHandler
FontType:TrueType
FontName:Grumio-12-Black
FamilyName:Grumio-12
StyleName:Black
MenuName:Grumio-12 Black
StyleBits:2
WeightClass:900
WidthClass:5
AngleClass:0
FullName:Grumio-12 Black
WritingScript:Roman
OutlineFileName:/Users/laimelukosiunaite/Library/Mobile Documents/com~apple~CloudDocs/Work Backup/University_work/TypeWest 2024/Term 3/GRADUATION MATERIALS/TW_Grumio_00-LaimeLukosiunaite/template Folder/Document fonts/Grumio-12-Black.ttf
DataFormat:sfntData
hasSVG:no
hasSBIX:no
hasCOLR:no
VariableFontType:NonVariableFont
FileLength:67424
FileModTime:759710640
NameArray:0,Win,1,Grumio-12 Black
NameArray:0,Win,16,Grumio-12
%EndFont

%BeginFont
Handler:DirectoryHandler
FontType:TrueType
FontName:Grumio-12-Thin-Base-Slanted
FamilyName:Grumio-12-Thin
StyleName:Thin-Base-Slanted
MenuName:Grumio-12-Thin Thin-Base-Slanted
StyleBits:1
WeightClass:100
WidthClass:5
AngleClass:0
FullName:Grumio-Base_Slanted
WritingScript:Roman
OutlineFileName:/Users/laimelukosiunaite/Library/Mobile Documents/com~apple~CloudDocs/Work Backup/University_work/TypeWest 2024/Term 3/GRADUATION MATERIALS/TW_Grumio_00-LaimeLukosiunaite/template Folder/Document fonts/Grumio-12-Thin-Base-Slanted.ttf
DataFormat:sfntData
hasSVG:no
hasSBIX:no
hasCOLR:no
VariableFontType:NonVariableFont
FileLength:16028
FileModTime:759193183
NameArray:0,Win,1,Grumio-12-Thin Thin-Base-Slanted
NameArray:0,Win,16,Grumio-12-Thin
%EndFont

%BeginFont
Handler:DirectoryHandler
FontType:TrueType
FontName:Grumio-12-Thin
FamilyName:Grumio-12
StyleName:Thin
MenuName:Grumio-12 Thin
StyleBits:0
WeightClass:100
WidthClass:5
AngleClass:0
FullName:Grumio-12 Thin
WritingScript:Roman
OutlineFileName:/Users/laimelukosiunaite/Library/Mobile Documents/com~apple~CloudDocs/Work Backup/University_work/TypeWest 2024/Term 3/GRADUATION MATERIALS/TW_Grumio_00-LaimeLukosiunaite/template Folder/Document fonts/Grumio-12-Thin.ttf
DataFormat:sfntData
hasSVG:no
hasSBIX:no
hasCOLR:no
VariableFontType:NonVariableFont
FileLength:69136
FileModTime:759710640
NameArray:0,Win,1,Grumio-12 Thin
NameArray:0,Win,16,Grumio-12
%EndFont

